[1m[0;36m
╔════════════════════════════════════════════════════════════════╗
║        X-GraphQL Converter Output Comparison Tool              ║
╚════════════════════════════════════════════════════════════════╝
[0m
[0;32m✓ Node.js converter found[0m
[1;33m⚠ Rust converter not found (run: cd converters/rust && cargo build --release)[0m

[1mTest Schemas:[0m
  • basic-types
